Run ID  : 20260702_131051
Run dir : runs/traj_kd/20260702_131051
Config  : configs/train/traj_kd.yaml

Device  : cuda
Train   : 6004 samples  (187 batches)
Val     : 861 samples  (27 batches)
Model   : TrajKDPolicy  2.89M params  (K=10)

Epoch       Train         Val      ctrl      traj        vx        vy        vz        yr       ATE          LR
────────────────────────────────────────────────────────────────────────────────────────────────────────────────────
    1    0.150212    0.119114    0.0657    0.0534    0.1026    0.0369    0.0019    0.1215    0.3219    3.33e-05  (21.5s)
    2    0.066269    0.103516    0.0488    0.0547    0.0806    0.0237    0.0016    0.0892    0.3223    6.67e-05  (21.7s)
    3    0.045971    0.097846    0.0467    0.0511    0.0786    0.0235    0.0008    0.0841    0.3048    1.00e-04  (21.8s)
    4    0.036073    0.096833    0.0543    0.0426    0.1014    0.0254    0.0006    0.0895    0.2839    1.00e-04  (22.2s)
    5    0.031006    0.104708    0.0529    0.0518    0.1047    0.0217    0.0004    0.0847    0.2971    9.99e-05  (22.8s)
    6    0.027101    0.090957    0.0484    0.0425    0.0850    0.0239    0.0003    0.0846    0.2716    9.96e-05  (22.6s)
    7    0.024251    0.093699    0.0490    0.0447    0.0839    0.0238    0.0002    0.0881    0.2785    9.90e-05  (22.5s)
    8    0.022781    0.099573    0.0512    0.0484    0.1005    0.0243    0.0003    0.0798    0.3043    9.82e-05  (22.6s)
    9    0.020589    0.088528    0.0482    0.0403    0.0866    0.0227    0.0001    0.0835    0.2604    9.72e-05  (22.6s)
   10    0.018887    0.091584    0.0487    0.0428    0.0907    0.0226    0.0001    0.0815    0.2695    9.60e-05  (22.4s)
   11    0.018204    0.091737    0.0484    0.0433    0.0902    0.0243    0.0001    0.0790    0.2572    9.46e-05  (22.6s)
   12    0.017946    0.096868    0.0516    0.0452    0.1010    0.0245    0.0001    0.0810    0.2571    9.30e-05  (22.4s)
   13    0.016088    0.119675    0.0505    0.0692    0.0989    0.0239    0.0001    0.0789    0.2967    9.12e-05  (22.4s)
   14    0.016370    0.097094    0.0516    0.0455    0.1046    0.0222    0.0001    0.0797    0.2752    8.92e-05  (22.4s)
   15    0.014624    0.096601    0.0520    0.0446    0.1052    0.0236    0.0000    0.0790    0.2682    8.71e-05  (22.6s)
   16    0.013365    0.100300    0.0524    0.0479    0.0975    0.0219    0.0000    0.0900    0.2744    8.48e-05  (22.3s)
   17    0.013880    0.096015    0.0512    0.0449    0.1012    0.0193    0.0000    0.0841    0.2646    8.23e-05  (22.3s)
   18    0.012961    0.101094    0.0554    0.0457    0.1165    0.0227    0.0000    0.0823    0.2630    7.97e-05  (22.2s)
   19    0.012239    0.102394    0.0586    0.0438    0.1235    0.0232    0.0000    0.0878    0.2628    7.69e-05  (22.3s)
   20    0.012688    0.093359    0.0512    0.0421    0.0977    0.0212    0.0000    0.0860    0.2624    7.40e-05  (22.3s)
   21    0.011549    0.093589    0.0495    0.0440    0.0918    0.0219    0.0000    0.0845    0.2624    7.10e-05  (22.3s)
   22    0.011252    0.088896    0.0463    0.0426    0.0807    0.0235    0.0000    0.0809    0.2600    6.80e-05  (22.6s)
   23    0.010931    0.098728    0.0519    0.0469    0.1050    0.0201    0.0000    0.0824    0.2786    6.48e-05  (22.5s)
   24    0.010061    0.102050    0.0492    0.0529    0.0933    0.0217    0.0000    0.0816    0.2731    6.16e-05  (22.3s)
   25    0.010101    0.096167    0.0482    0.0480    0.0907    0.0216    0.0000    0.0805    0.2605    5.83e-05  (22.8s)
   26    0.009878    0.098473    0.0505    0.0479    0.0987    0.0211    0.0000    0.0823    0.2703    5.50e-05  (22.5s)
   27    0.009147    0.096539    0.0509    0.0456    0.1013    0.0209    0.0000    0.0815    0.2596    5.17e-05  (22.6s)
   28    0.009021    0.092802    0.0490    0.0438    0.0903    0.0211    0.0000    0.0847    0.2597    4.83e-05  (22.6s)
   29    0.008407    0.092692    0.0493    0.0434    0.0949    0.0201    0.0000    0.0823    0.2567    4.50e-05  (22.4s)
   30    0.008481    0.101241    0.0522    0.0491    0.1060    0.0198    0.0000    0.0828    0.2658    4.17e-05  (22.5s)
   31    0.008025    0.091226    0.0479    0.0433    0.0923    0.0191    0.0000    0.0801    0.2559    3.84e-05  (22.5s)
   32    0.007965    0.092642    0.0474    0.0452    0.0856    0.0220    0.0000    0.0820    0.2574    3.52e-05  (22.5s)
   33    0.008206    0.093473    0.0490    0.0445    0.0957    0.0216    0.0000    0.0785    0.2590    3.20e-05  (22.3s)
   34    0.007664    0.089354    0.0464    0.0430    0.0837    0.0200    0.0000    0.0818    0.2512    2.90e-05  (22.8s)
   35    0.007168    0.094118    0.0481    0.0460    0.0917    0.0201    0.0000    0.0807    0.2633    2.60e-05  (22.4s)
   36    0.007358    0.094279    0.0489    0.0454    0.0936    0.0207    0.0000    0.0811    0.2660    2.31e-05  (22.4s)
   37    0.007019    0.095646    0.0480    0.0477    0.0884    0.0209    0.0000    0.0826    0.2576    2.03e-05  (22.3s)
   38    0.006912    0.094754    0.0496    0.0452    0.0940    0.0206    0.0000    0.0837    0.2623    1.77e-05  (22.2s)
   39    0.006601    0.092210    0.0475    0.0447    0.0887    0.0203    0.0000    0.0809    0.2565    1.52e-05  (22.4s)
   40    0.006588    0.093647    0.0470    0.0466    0.0846    0.0216    0.0000    0.0819    0.2616    1.29e-05  (22.2s)
   41    0.006383    0.094894    0.0470    0.0479    0.0869    0.0216    0.0000    0.0794    0.2600    1.08e-05  (22.6s)
   42    0.006301    0.093865    0.0468    0.0470    0.0876    0.0202    0.0000    0.0796    0.2605    8.78e-06  (22.1s)
   43    0.006216    0.092626    0.0473    0.0453    0.0860    0.0207    0.0000    0.0825    0.2563    6.98e-06  (22.2s)
   44    0.006079    0.095177    0.0485    0.0467    0.0904    0.0205    0.0000    0.0830    0.2606    5.37e-06  (22.5s)
   45    0.006060    0.096202    0.0483    0.0479    0.0904    0.0208    0.0000    0.0819    0.2598    3.97e-06  (22.4s)
   46    0.005902    0.093237    0.0476    0.0456    0.0881    0.0204    0.0000    0.0819    0.2595    2.77e-06  (22.2s)
   47    0.005926    0.093039    0.0478    0.0452    0.0878    0.0206    0.0000    0.0827    0.2555    1.78e-06  (22.3s)
   48    0.005727    0.093471    0.0474    0.0460    0.0869    0.0202    0.0000    0.0826    0.2588    1.00e-06  (22.1s)
   49    0.005877    0.093683    0.0481    0.0456    0.0901    0.0201    0.0000    0.0822    0.2550    4.46e-07  (22.2s)
   50    0.005836    0.093808    0.0487    0.0451    0.0916    0.0211    0.0000    0.0820    0.2569    1.12e-07  (22.3s)

Loss curve → runs/traj_kd/20260702_131051/loss_curve.png

Done.  best_val=0.088528  run_dir=runs/traj_kd/20260702_131051
