Run ID  : 20260629_151702
Run dir : runs/bc/20260629_151702
Config  : configs/train/bc.yaml

Device  : cuda
Train   : 3841 samples  (120 batches)
Val     : 569 samples  (18 batches)
Model   : BCPolicy  2.55M params

Epoch       Train         Val        vx        vy        vz        yr          LR
────────────────────────────────────────────────────────────────────────────────
    1    0.030627    0.018481    0.0358    0.0341    0.0021    0.0019    3.33e-05  (12.9s)
    2    0.012690    0.017702    0.0422    0.0266    0.0009    0.0011    6.67e-05  (12.5s)
    3    0.010052    0.016592    0.0371    0.0278    0.0008    0.0006    1.00e-04  (12.6s)
    4    0.008692    0.015696    0.0352    0.0265    0.0005    0.0007    1.00e-04  (12.7s)
    5    0.006823    0.015405    0.0344    0.0262    0.0004    0.0006    9.99e-05  (12.7s)
    6    0.006369    0.017529    0.0428    0.0261    0.0005    0.0007    9.96e-05  (12.7s)
    7    0.005845    0.018539    0.0438    0.0297    0.0003    0.0004    9.90e-05  (12.8s)
    8    0.005421    0.018451    0.0491    0.0244    0.0001    0.0002    9.82e-05  (12.9s)
    9    0.005144    0.017093    0.0423    0.0257    0.0002    0.0002    9.72e-05  (13.2s)
   10    0.004954    0.017444    0.0462    0.0231    0.0003    0.0002    9.60e-05  (13.3s)
   11    0.004444    0.014743    0.0335    0.0251    0.0002    0.0002    9.46e-05  (13.4s)
   12    0.004545    0.016077    0.0385    0.0253    0.0002    0.0003    9.30e-05  (13.4s)
   13    0.004319    0.016385    0.0413    0.0238    0.0004    0.0001    9.12e-05  (13.2s)
   14    0.004117    0.012466    0.0294    0.0202    0.0001    0.0001    8.92e-05  (13.4s)
   15    0.003875    0.011672    0.0258    0.0207    0.0002    0.0001    8.71e-05  (13.2s)
   16    0.003670    0.013403    0.0311    0.0223    0.0001    0.0001    8.48e-05  (13.5s)
   17    0.003668    0.011965    0.0265    0.0211    0.0001    0.0002    8.23e-05  (13.3s)
   18    0.003634    0.013993    0.0321    0.0238    0.0000    0.0001    7.97e-05  (13.6s)
   19    0.003195    0.014043    0.0347    0.0213    0.0001    0.0000    7.69e-05  (14.6s)
   20    0.003001    0.013231    0.0324    0.0205    0.0000    0.0000    7.40e-05  (14.4s)
   21    0.003156    0.014679    0.0392    0.0194    0.0000    0.0001    7.10e-05  (14.5s)
   22    0.002887    0.012124    0.0277    0.0207    0.0000    0.0001    6.80e-05  (14.3s)
   23    0.002892    0.013064    0.0313    0.0209    0.0000    0.0000    6.48e-05  (14.5s)
   24    0.002864    0.012845    0.0322    0.0191    0.0000    0.0001    6.16e-05  (14.1s)
   25    0.002916    0.012579    0.0301    0.0201    0.0000    0.0000    5.83e-05  (14.3s)
   26    0.002763    0.012531    0.0295    0.0206    0.0001    0.0000    5.50e-05  (14.3s)
   27    0.002525    0.013119    0.0327    0.0198    0.0000    0.0000    5.17e-05  (14.5s)
   28    0.002536    0.013609    0.0349    0.0195    0.0000    0.0000    4.83e-05  (14.4s)
   29    0.002383    0.013043    0.0328    0.0193    0.0000    0.0000    4.50e-05  (14.2s)
   30    0.002386    0.013028    0.0331    0.0190    0.0000    0.0000    4.17e-05  (14.3s)
   31    0.002215    0.012916    0.0329    0.0187    0.0000    0.0000    3.84e-05  (14.3s)
   32    0.002082    0.013027    0.0331    0.0190    0.0000    0.0000    3.52e-05  (14.7s)
   33    0.002183    0.012938    0.0320    0.0198    0.0000    0.0000    3.20e-05  (14.5s)
   34    0.002042    0.013261    0.0344    0.0186    0.0000    0.0000    2.90e-05  (14.3s)
   35    0.002033    0.013324    0.0324    0.0208    0.0000    0.0000    2.60e-05  (14.3s)
   36    0.001894    0.012497    0.0310    0.0189    0.0000    0.0000    2.31e-05  (14.6s)
   37    0.001871    0.013493    0.0348    0.0191    0.0000    0.0000    2.03e-05  (14.3s)
   38    0.001917    0.013341    0.0345    0.0189    0.0000    0.0000    1.77e-05  (14.6s)
   39    0.001822    0.012318    0.0307    0.0185    0.0000    0.0000    1.52e-05  (14.6s)
   40    0.001724    0.012802    0.0329    0.0183    0.0000    0.0000    1.29e-05  (14.4s)
   41    0.001729    0.011949    0.0294    0.0183    0.0000    0.0000    1.08e-05  (14.8s)
   42    0.001725    0.012694    0.0323    0.0184    0.0000    0.0000    8.78e-06  (14.6s)
   43    0.001624    0.012163    0.0308    0.0179    0.0000    0.0000    6.98e-06  (14.2s)
   44    0.001651    0.012320    0.0309    0.0184    0.0000    0.0000    5.37e-06  (14.7s)
   45    0.001694    0.011639    0.0287    0.0178    0.0000    0.0000    3.97e-06  (14.3s)
   46    0.001629    0.011994    0.0298    0.0181    0.0000    0.0000    2.77e-06  (14.7s)
   47    0.001649    0.012084    0.0303    0.0181    0.0000    0.0000    1.78e-06  (14.2s)
   48    0.001628    0.012155    0.0304    0.0182    0.0000    0.0000    1.00e-06  (14.3s)
   49    0.001547    0.012173    0.0305    0.0182    0.0000    0.0000    4.46e-07  (14.7s)
   50    0.001609    0.011841    0.0295    0.0179    0.0000    0.0000    1.12e-07  (14.3s)

Loss curve → runs/bc/20260629_151702/loss_curve.png

Done.  best_val=0.011639  run_dir=runs/bc/20260629_151702
