Run ID  : 20260701_142506
Run dir : runs/bc_v002/20260701_142506
Config  : configs/train/bc_v002.yaml

Device  : cuda
Train   : 6722 samples  (210 batches)
Val     : 935 samples  (30 batches)
Model   : BCPolicy  2.55M params

Epoch       Train         Val        vx        vy        vz        yr          LR
────────────────────────────────────────────────────────────────────────────────
    1    0.051058    0.070211    0.1237    0.0355    0.0050    0.1166    3.33e-05  (22.9s)
    2    0.024504    0.078350    0.1161    0.0345    0.0016    0.1612    6.67e-05  (23.0s)
    3    0.019298    0.065595    0.1165    0.0389    0.0007    0.1062    1.00e-04  (23.1s)
    4    0.015755    0.056751    0.0871    0.0287    0.0005    0.1107    1.00e-04  (23.0s)
    5    0.013872    0.053802    0.0933    0.0290    0.0004    0.0925    9.99e-05  (23.4s)
    6    0.012698    0.055758    0.0935    0.0276    0.0002    0.1016    9.96e-05  (23.6s)
    7    0.011570    0.056517    0.0852    0.0252    0.0002    0.1155    9.90e-05  (23.6s)
    8    0.010367    0.053142    0.0889    0.0262    0.0001    0.0974    9.82e-05  (23.4s)
    9    0.009671    0.060072    0.1111    0.0252    0.0001    0.1038    9.72e-05  (23.5s)
   10    0.008896    0.055055    0.0927    0.0224    0.0001    0.1050    9.60e-05  (23.6s)
   11    0.008755    0.055845    0.0957    0.0221    0.0001    0.1055    9.46e-05  (23.5s)
   12    0.008566    0.057143    0.1013    0.0233    0.0001    0.1039    9.30e-05  (23.5s)
   13    0.007961    0.065568    0.1198    0.0269    0.0001    0.1155    9.12e-05  (23.7s)
   14    0.007535    0.065977    0.1156    0.0245    0.0000    0.1238    8.92e-05  (23.7s)
   15    0.007272    0.055743    0.1047    0.0215    0.0000    0.0967    8.71e-05  (23.5s)
   16    0.006870    0.063505    0.1268    0.0225    0.0000    0.1047    8.48e-05  (23.5s)
   17    0.006422    0.054622    0.1023    0.0237    0.0000    0.0924    8.23e-05  (23.4s)
   18    0.006379    0.061671    0.1118    0.0228    0.0000    0.1121    7.97e-05  (23.7s)
   19    0.006187    0.058039    0.1067    0.0212    0.0000    0.1043    7.69e-05  (23.7s)
   20    0.005918    0.059505    0.1123    0.0215    0.0000    0.1042    7.40e-05  (23.6s)
   21    0.005659    0.057293    0.0952    0.0234    0.0000    0.1106    7.10e-05  (23.5s)
   22    0.005786    0.053950    0.1033    0.0189    0.0000    0.0936    6.80e-05  (23.8s)
   23    0.005282    0.052565    0.1014    0.0209    0.0000    0.0879    6.48e-05  (23.6s)
   24    0.004896    0.060220    0.1166    0.0208    0.0000    0.1035    6.16e-05  (23.6s)
   25    0.004723    0.055951    0.1015    0.0202    0.0000    0.1021    5.83e-05  (23.8s)
   26    0.004716    0.057254    0.1083    0.0201    0.0000    0.1006    5.50e-05  (23.7s)
   27    0.004436    0.057781    0.1044    0.0198    0.0000    0.1069    5.17e-05  (23.6s)
   28    0.004277    0.057273    0.1013    0.0201    0.0000    0.1077    4.83e-05  (23.5s)
   29    0.004038    0.052941    0.0982    0.0211    0.0000    0.0925    4.50e-05  (23.6s)
   30    0.004006    0.055197    0.0958    0.0196    0.0000    0.1054    4.17e-05  (23.5s)
   31    0.003861    0.055273    0.0973    0.0201    0.0000    0.1037    3.84e-05  (23.7s)
   32    0.003594    0.054583    0.0987    0.0201    0.0000    0.0995    3.52e-05  (23.6s)
   33    0.003580    0.057905    0.1015    0.0188    0.0000    0.1114    3.20e-05  (23.8s)
   34    0.003555    0.055014    0.1051    0.0198    0.0000    0.0951    2.90e-05  (23.8s)
   35    0.003221    0.053040    0.0955    0.0193    0.0000    0.0973    2.60e-05  (23.7s)
   36    0.003125    0.053256    0.0957    0.0189    0.0000    0.0984    2.31e-05  (23.7s)
   37    0.002964    0.054299    0.0935    0.0198    0.0000    0.1039    2.03e-05  (23.8s)
   38    0.002840    0.053612    0.0957    0.0191    0.0000    0.0997    1.77e-05  (23.6s)
   39    0.002816    0.056277    0.1001    0.0196    0.0000    0.1053    1.52e-05  (23.9s)
   40    0.002670    0.055770    0.1001    0.0200    0.0000    0.1029    1.29e-05  (23.8s)
   41    0.002667    0.054199    0.0953    0.0192    0.0000    0.1023    1.08e-05  (23.8s)
   42    0.002540    0.055647    0.1011    0.0193    0.0000    0.1021    8.78e-06  (23.6s)
   43    0.002546    0.055625    0.0973    0.0197    0.0000    0.1054    6.98e-06  (23.7s)
   44    0.002328    0.055036    0.0996    0.0196    0.0000    0.1009    5.37e-06  (23.6s)
   45    0.002436    0.052716    0.0921    0.0187    0.0000    0.1001    3.97e-06  (24.0s)
   46    0.002373    0.053821    0.0952    0.0199    0.0000    0.1002    2.77e-06  (23.5s)
   47    0.002335    0.053811    0.0934    0.0189    0.0000    0.1030    1.78e-06  (23.6s)
   48    0.002246    0.054787    0.0950    0.0193    0.0000    0.1048    1.00e-06  (24.0s)
   49    0.002226    0.056686    0.1014    0.0198    0.0000    0.1055    4.46e-07  (23.6s)
   50    0.002263    0.054072    0.0957    0.0197    0.0000    0.1009    1.12e-07  (23.8s)

Loss curve → runs/bc_v002/20260701_142506/loss_curve.png

Done.  best_val=0.052565  run_dir=runs/bc_v002/20260701_142506
