Run ID  : 20260704_162940
Run dir : runs/self_red_wp/20260704_162940
Config  : configs/train/self_red_wp.yaml

Device  : cuda
Train   : 6004 samples  (187 batches)
Val     : 861 samples  (27 batches)
Model   : SelfRedWPPolicy  2.89M params  (K=10)

Epoch       Train         Val      ctrl      traj        vx        vy        vz        yr       ATE   p_self   yr_std   yr>.15          LR
──────────────────────────────────────────────────────────────────────────────────────────────────────────────────────────────────────────────────────
    1    0.132783    0.105491    0.0513    0.0541    0.0796    0.0363    0.0018    0.0878    0.3314     0.00   0.1115    0.269    3.33e-05  (251.2s)
    2    0.060420    0.102428    0.0481    0.0544    0.0724    0.0319    0.0009    0.0871    0.3233     0.00   0.1081    0.184    6.67e-05  (255.3s)
    3    0.041671    0.105348    0.0476    0.0577    0.0800    0.0240    0.0007    0.0858    0.3131     0.00   0.0969    0.177    1.00e-04  (256.1s)
    4    0.033059    0.098258    0.0463    0.0519    0.0722    0.0261    0.0005    0.0865    0.3054     0.00   0.0928    0.093    1.00e-04  (255.3s)
    5    0.028634    0.089887    0.0431    0.0468    0.0680    0.0250    0.0005    0.0789    0.2875     0.00   0.0853    0.099    9.99e-05  (255.3s)
    6    0.025391    0.102887    0.0535    0.0494    0.1050    0.0286    0.0006    0.0796    0.2992     0.03   0.0824    0.116    9.96e-05  (254.6s)
    7    0.023391    0.094939    0.0423    0.0526    0.0640    0.0258    0.0003    0.0792    0.3012     0.07   0.1231    0.129    9.90e-05  (255.6s)
    8    0.021548    0.084699    0.0432    0.0415    0.0704    0.0261    0.0002    0.0761    0.2545     0.10   0.1023    0.114    9.82e-05  (255.4s)
    9    0.019968    0.084509    0.0417    0.0428    0.0697    0.0255    0.0002    0.0716    0.2514     0.13   0.1334    0.098    9.72e-05  (255.3s)
   10    0.017818    0.092924    0.0511    0.0418    0.1018    0.0235    0.0002    0.0791    0.2733     0.17   0.1355    0.145    9.60e-05  (254.2s)
   11    0.017525    0.092041    0.0446    0.0474    0.0756    0.0249    0.0001    0.0780    0.2893     0.20   0.1198    0.113    9.46e-05  (252.1s)
   12    0.016447    0.094217    0.0504    0.0438    0.0998    0.0235    0.0001    0.0781    0.2770     0.23   0.1043    0.116    9.30e-05  (252.3s)
   13    0.016544    0.100601    0.0502    0.0504    0.1012    0.0225    0.0001    0.0772    0.2724     0.27   0.1298    0.213    9.12e-05  (252.3s)
   14    0.015704    0.098429    0.0491    0.0493    0.0916    0.0233    0.0000    0.0815    0.2839     0.30   0.1210    0.150    8.92e-05  (251.9s)
   15    0.014463    0.090376    0.0504    0.0400    0.0930    0.0277    0.0001    0.0808    0.2469     0.33   0.1144    0.150    8.71e-05  (251.9s)
   16    0.013375    0.089686    0.0454    0.0443    0.0859    0.0247    0.0001    0.0710    0.2586     0.37   0.1273    0.116    8.48e-05  (252.0s)
   17    0.013053    0.088818    0.0455    0.0433    0.0871    0.0228    0.0000    0.0722    0.2595     0.40   0.1164    0.125    8.23e-05  (251.9s)
   18    0.012513    0.092515    0.0459    0.0466    0.0944    0.0207    0.0000    0.0686    0.2659     0.43   0.1413    0.201    7.97e-05  (251.7s)
   19    0.011729    0.091513    0.0475    0.0440    0.0922    0.0205    0.0000    0.0773    0.2696     0.47   0.1072    0.120    7.69e-05  (252.0s)
   20    0.011702    0.087347    0.0457    0.0417    0.0873    0.0230    0.0000    0.0724    0.2610     0.50   0.1296    0.167    7.40e-05  (252.5s)
   21    0.011361    0.101957    0.0550    0.0470    0.1122    0.0251    0.0000    0.0826    0.2662     0.53   0.1487    0.175    7.10e-05  (252.7s)
   22    0.010688    0.091687    0.0480    0.0437    0.0923    0.0223    0.0000    0.0773    0.2540     0.57   0.1324    0.165    6.80e-05  (252.6s)
   23    0.010250    0.084281    0.0444    0.0399    0.0823    0.0215    0.0000    0.0737    0.2621     0.60   0.1250    0.106    6.48e-05  (252.3s)
   24    0.010277    0.091459    0.0448    0.0467    0.0852    0.0223    0.0000    0.0716    0.2553     0.63   0.1173    0.111    6.16e-05  (252.1s)
   25    0.010080    0.090273    0.0469    0.0433    0.0901    0.0234    0.0000    0.0743    0.2505     0.67   0.1326    0.151    5.83e-05  (252.5s)
   26    0.009501    0.090244    0.0472    0.0430    0.0875    0.0205    0.0000    0.0809    0.2616     0.70   0.1056    0.139    5.50e-05  (252.3s)
   27    0.009128    0.091836    0.0472    0.0447    0.0920    0.0210    0.0000    0.0757    0.2606     0.73   0.1583    0.195    5.17e-05  (252.2s)
   28    0.009054    0.090653    0.0453    0.0454    0.0848    0.0209    0.0000    0.0753    0.2539     0.77   0.1322    0.143    4.83e-05  (252.2s)
   29    0.008595    0.090143    0.0470    0.0431    0.0898    0.0214    0.0000    0.0768    0.2636     0.80   0.1241    0.158    4.50e-05  (252.2s)
   30    0.008211    0.093805    0.0429    0.0509    0.0741    0.0208    0.0000    0.0769    0.2683     0.83   0.1212    0.144    4.17e-05  (252.1s)
   31    0.008002    0.087468    0.0447    0.0427    0.0814    0.0222    0.0000    0.0754    0.2536     0.87   0.1327    0.127    3.84e-05  (252.6s)
   32    0.007961    0.088469    0.0452    0.0432    0.0861    0.0211    0.0000    0.0736    0.2487     0.90   0.1346    0.130    3.52e-05  (252.5s)
   33    0.007630    0.091102    0.0480    0.0431    0.0854    0.0210    0.0000    0.0856    0.2512     0.93   0.1333    0.173    3.20e-05  (252.3s)
   34    0.007495    0.089785    0.0459    0.0439    0.0873    0.0201    0.0000    0.0762    0.2553     0.97   0.1313    0.157    2.90e-05  (252.4s)
   35    0.007139    0.088674    0.0464    0.0423    0.0851    0.0224    0.0000    0.0781    0.2529     1.00   0.1266    0.163    2.60e-05  (252.4s)
   36    0.006900    0.085833    0.0458    0.0401    0.0870    0.0212    0.0000    0.0748    0.2457     1.00   0.1262    0.153    2.31e-05  (252.4s)
   37    0.006797    0.093312    0.0466    0.0467    0.0884    0.0209    0.0000    0.0769    0.2634     1.00   0.1339    0.151    2.03e-05  (252.5s)
   38    0.006686    0.090049    0.0478    0.0422    0.0905    0.0208    0.0000    0.0800    0.2484     1.00   0.1224    0.150    1.77e-05  (251.8s)
   39    0.006351    0.090547    0.0445    0.0460    0.0805    0.0203    0.0000    0.0772    0.2586     1.00   0.1393    0.139    1.52e-05  (251.9s)
   40    0.006459    0.090080    0.0475    0.0426    0.0903    0.0211    0.0000    0.0786    0.2535     1.00   0.1353    0.163    1.29e-05  (252.0s)
   41    0.006149    0.090261    0.0478    0.0425    0.0917    0.0212    0.0000    0.0782    0.2568     1.00   0.1429    0.171    1.08e-05  (252.0s)
   42    0.006264    0.089706    0.0453    0.0444    0.0833    0.0220    0.0000    0.0761    0.2494     1.00   0.1294    0.148    8.78e-06  (251.5s)
   43    0.005930    0.091878    0.0478    0.0441    0.0916    0.0203    0.0000    0.0793    0.2544     1.00   0.1362    0.159    6.98e-06  (251.6s)
   44    0.005949    0.089682    0.0473    0.0424    0.0914    0.0201    0.0000    0.0775    0.2511     1.00   0.1368    0.163    5.37e-06  (251.4s)
   45    0.005905    0.091113    0.0472    0.0439    0.0884    0.0211    0.0000    0.0794    0.2564     1.00   0.1381    0.163    3.97e-06  (251.3s)
   46    0.005844    0.088685    0.0459    0.0428    0.0866    0.0210    0.0000    0.0759    0.2476     1.00   0.1315    0.148    2.77e-06  (251.3s)
   47    0.005952    0.092446    0.0485    0.0440    0.0908    0.0208    0.0000    0.0823    0.2555     1.00   0.1359    0.163    1.78e-06  (251.6s)
   48    0.005777    0.089414    0.0463    0.0431    0.0854    0.0212    0.0000    0.0788    0.2529     1.00   0.1255    0.142    1.00e-06  (251.6s)
   49    0.005701    0.089663    0.0460    0.0437    0.0866    0.0206    0.0000    0.0768    0.2500     1.00   0.1307    0.158    4.46e-07  (251.9s)
   50    0.005781    0.089564    0.0459    0.0436    0.0867    0.0214    0.0000    0.0757    0.2508     1.00   0.1331    0.159    1.12e-07  (251.9s)

Loss curve → runs/self_red_wp/20260704_162940/loss_curve.png

Done.  best_val=0.084281  run_dir=runs/self_red_wp/20260704_162940
