Run ID  : 20260629_180554
Run dir : runs/bc_red_wp/20260629_180554
Config  : configs/train/bc_red_wp.yaml

Device  : cuda
Train   : 2622 samples  (81 batches)
Val     : 475 samples  (15 batches)
Model   : BCPolicy  2.55M params

Epoch       Train         Val        vx        vy        vz        yr          LR
────────────────────────────────────────────────────────────────────────────────
    1    0.027230    0.015387    0.0317    0.0228    0.0048    0.0022    3.33e-05  (9.0s)
    2    0.009940    0.015201    0.0332    0.0249    0.0016    0.0012    6.67e-05  (8.8s)
    3    0.007959    0.017239    0.0383    0.0284    0.0013    0.0010    1.00e-04  (8.8s)
    4    0.006838    0.017168    0.0445    0.0225    0.0009    0.0007    1.00e-04  (8.8s)
    5    0.006145    0.018874    0.0532    0.0210    0.0007    0.0005    9.99e-05  (8.9s)
    6    0.004917    0.014956    0.0385    0.0204    0.0005    0.0004    9.96e-05  (8.9s)
    7    0.004959    0.017356    0.0468    0.0221    0.0004    0.0002    9.90e-05  (8.9s)
    8    0.005183    0.016872    0.0456    0.0213    0.0003    0.0003    9.82e-05  (8.9s)
    9    0.004578    0.015973    0.0416    0.0216    0.0003    0.0003    9.72e-05  (8.9s)
   10    0.004125    0.012571    0.0297    0.0202    0.0002    0.0002    9.60e-05  (9.0s)
   11    0.004254    0.015149    0.0402    0.0201    0.0002    0.0001    9.46e-05  (9.0s)
   12    0.004162    0.014691    0.0374    0.0209    0.0003    0.0002    9.30e-05  (9.1s)
   13    0.003992    0.015440    0.0403    0.0213    0.0001    0.0001    9.12e-05  (9.2s)
   14    0.003833    0.013812    0.0339    0.0210    0.0002    0.0002    8.92e-05  (9.1s)
   15    0.003594    0.014775    0.0382    0.0206    0.0002    0.0001    8.71e-05  (9.5s)
   16    0.003494    0.017790    0.0512    0.0197    0.0001    0.0002    8.48e-05  (9.4s)
   17    0.003433    0.014207    0.0355    0.0211    0.0001    0.0001    8.23e-05  (9.2s)
   18    0.003241    0.015209    0.0423    0.0183    0.0002    0.0001    7.97e-05  (9.5s)
   19    0.003096    0.013008    0.0341    0.0178    0.0001    0.0001    7.69e-05  (9.2s)
   20    0.002987    0.013810    0.0365    0.0186    0.0001    0.0001    7.40e-05  (9.2s)
   21    0.003048    0.017347    0.0488    0.0204    0.0001    0.0001    7.10e-05  (9.4s)
   22    0.002851    0.015013    0.0395    0.0204    0.0001    0.0001    6.80e-05  (9.2s)
   23    0.003025    0.013422    0.0353    0.0182    0.0001    0.0000    6.48e-05  (9.3s)
   24    0.002806    0.012411    0.0299    0.0196    0.0001    0.0001    6.16e-05  (9.3s)
   25    0.002816    0.013916    0.0365    0.0190    0.0001    0.0001    5.83e-05  (9.4s)
   26    0.002597    0.012492    0.0313    0.0185    0.0001    0.0000    5.50e-05  (9.4s)
   27    0.002621    0.013702    0.0360    0.0187    0.0001    0.0000    5.17e-05  (9.3s)
   28    0.002480    0.012014    0.0308    0.0171    0.0001    0.0001    4.83e-05  (9.4s)
   29    0.002508    0.013295    0.0333    0.0197    0.0001    0.0000    4.50e-05  (9.3s)
   30    0.002607    0.012542    0.0324    0.0176    0.0001    0.0000    4.17e-05  (9.4s)
   31    0.002427    0.011610    0.0290    0.0174    0.0001    0.0000    3.84e-05  (9.4s)
   32    0.002321    0.013351    0.0347    0.0186    0.0001    0.0000    3.52e-05  (9.2s)
   33    0.002301    0.013216    0.0350    0.0177    0.0001    0.0000    3.20e-05  (9.3s)
   34    0.002238    0.012805    0.0329    0.0182    0.0001    0.0000    2.90e-05  (9.2s)
   35    0.002265    0.012412    0.0316    0.0179    0.0001    0.0000    2.60e-05  (9.5s)
   36    0.002122    0.013634    0.0360    0.0184    0.0001    0.0000    2.31e-05  (9.4s)
   37    0.002010    0.013433    0.0362    0.0175    0.0001    0.0000    2.03e-05  (9.3s)
   38    0.001981    0.012693    0.0332    0.0175    0.0001    0.0000    1.77e-05  (9.4s)
   39    0.001850    0.012287    0.0315    0.0175    0.0001    0.0000    1.52e-05  (9.4s)
   40    0.001879    0.012305    0.0318    0.0173    0.0001    0.0000    1.29e-05  (9.4s)
   41    0.001960    0.012628    0.0324    0.0180    0.0001    0.0000    1.08e-05  (9.1s)
   42    0.001874    0.012412    0.0321    0.0175    0.0001    0.0000    8.78e-06  (9.4s)
   43    0.001880    0.012143    0.0318    0.0167    0.0001    0.0000    6.98e-06  (9.4s)
   44    0.001884    0.012435    0.0320    0.0176    0.0001    0.0000    5.37e-06  (9.1s)
   45    0.001774    0.012857    0.0340    0.0173    0.0001    0.0000    3.97e-06  (9.4s)
   46    0.001807    0.012552    0.0331    0.0170    0.0001    0.0000    2.77e-06  (9.2s)
   47    0.001837    0.012677    0.0332    0.0174    0.0001    0.0000    1.78e-06  (9.4s)
   48    0.001820    0.013008    0.0346    0.0173    0.0001    0.0000    1.00e-06  (9.4s)
   49    0.001851    0.012550    0.0329    0.0172    0.0001    0.0000    4.46e-07  (9.3s)
   50    0.001753    0.012517    0.0326    0.0174    0.0001    0.0000    1.12e-07  (9.4s)

Loss curve → runs/bc_red_wp/20260629_180554/loss_curve.png

Done.  best_val=0.011610  run_dir=runs/bc_red_wp/20260629_180554
